src/App.tsx(214,31): error TS6133: 'url' is declared but its value is never read.
src/components/AddCustomerDialog.tsx(20,20): error TS6133: 'CustomerClassification' is declared but its value is never read.
src/components/AddCustomerDialog.tsx(53,10): error TS6133: 'storePhoto' is declared but its value is never read.
src/components/AddCustomerDialog.tsx(107,8): error TS6133: 'error' is declared but its value is never read.
src/components/AddCustomerDialog.tsx(222,24): error TS2345: Argument of type '{ name: string; phone: string; address: string; full_address: string | undefined; latitude: number | undefined; longitude: number | undefined; jumlah_galon_titip: number; classification: "Rumahan" | ... 1 more ... | null; store_photo_url: string; }' is not assignable to parameter of type 'Omit<Customer, "id" | "createdAt" | "orderCount">'.
  Types of property 'classification' are incompatible.
    Type '"Rumahan" | "Kios/Toko" | null' is not assignable to type 'CustomerClassification | undefined'.
      Type 'null' is not assignable to type 'CustomerClassification | undefined'.
src/components/AddDebtDialog.tsx(23,10): error TS6133: 'getOfficeTime' is declared but its value is never read.
src/components/AddManualReceivableDialog.tsx(19,10): error TS6133: 'formatNumberWithCommas' is declared but its value is never read.
src/components/AddStockDialog.tsx(7,1): error TS6133: 'Input' is declared but its value is never read.
src/components/AppErrorBoundary.tsx(1,8): error TS6133: 'React' is declared but its value is never read.
src/components/AssetDialog.tsx(26,26): error TS6133: 'isLoading' is declared but its value is never read.
src/components/BackupRestoreDialog.tsx(14,53): error TS6133: 'CheckCircle2' is declared but its value is never read.
src/components/BackupRestoreDialog.tsx(33,10): error TS6133: 'selectedFile' is declared but its value is never read.
src/components/BranchSelector.tsx(24,5): error TS6133: 'canAccessAllBranches' is declared but its value is never read.
src/components/CameraUpload.tsx(27,10): error TS6133: 'previewImages' is declared but its value is never read.
src/components/CameraUpload.tsx(27,25): error TS6133: 'setPreviewImages' is declared but its value is never read.
src/components/ChartOfAccountsTree.tsx(4,28): error TS6133: 'flattenAccountTree' is declared but its value is never read.
src/components/CoaTableView.tsx(3,8): error TS6133: 'React' is declared but its value is never read.
src/components/CoaTableView.tsx(6,1): error TS6133: 'Input' is declared but its value is never read.
src/components/CoaTableView.tsx(183,39): error TS2367: This comparison appears to be unintentional because the types 'NormalBalance | undefined' and '"DEBIT"' have no overlap.
src/components/CustomerMap.tsx(9,42): error TS6133: 'ShoppingCart' is declared but its value is never read.
src/components/CustomerMap.tsx(10,1): error TS6133: 'useNavigate' is declared but its value is never read.
src/components/CustomerMap.tsx(104,10): error TS6133: 'CenterOnUser' is declared but its value is never read.
src/components/CustomerMap.tsx(124,3): error TS6133: 'selectedCustomerId' is declared but its value is never read.
src/components/CustomerPricingManagement.tsx(32,3): error TS6133: 'productName' is declared but its value is never read.
src/components/CustomerSearchDialog.tsx(11,46): error TS6133: 'Loader2' is declared but its value is never read.
src/components/DailyBoxReport.tsx(21,9): error TS6133: 'user' is declared but its value is never read.
src/components/Dashboard.tsx(33,32): error TS6133: 'productsLoading' is declared but its value is never read.
src/components/Dashboard.tsx(254,11): error TS6133: 'totalModalAkun' is declared but its value is never read.
src/components/Dashboard.tsx(569,35): error TS6133: 'idx' is declared but its value is never read.
src/components/DateRangeReportPDF.tsx(307,38): error TS2339: Property 'date' does not exist on type 'CashHistory'.
src/components/DebtInstallmentTab.tsx(2,29): error TS6133: 'CardDescription' is declared but its value is never read.
src/components/DebtInstallmentTab.tsx(2,46): error TS6133: 'CardHeader' is declared but its value is never read.
src/components/DebtInstallmentTab.tsx(2,58): error TS6133: 'CardTitle' is declared but its value is never read.
src/components/DebtInstallmentTab.tsx(15,3): error TS6133: 'CreditCard' is declared but its value is never read.
src/components/DeliveryCompletionDialog.tsx(2,1): error TS6133: 'React' is declared but its value is never read.
src/components/DeliveryCompletionDialog.tsx(114,46): error TS6133: 'index' is declared but its value is never read.
src/components/DeliveryCompletionDialog.tsx(175,75): error TS2345: Argument of type 'string | undefined' is not assignable to parameter of type 'string'.
  Type 'undefined' is not assignable to type 'string'.
src/components/DeliveryFormContent.tsx(8,1): error TS6192: All imports in import declaration are unused.
src/components/DeliveryFormContent.tsx(12,33): error TS6133: 'Search' is declared but its value is never read.
src/components/DeliveryManagement.tsx(3,20): error TS6133: 'useEffect' is declared but its value is never read.
src/components/DeliveryManagement.tsx(41,51): error TS6133: 'onClose' is declared but its value is never read.
src/components/DeliveryManagement.tsx(41,60): error TS6133: 'embedded' is declared but its value is never read.
src/components/DeliveryManagement.tsx(41,78): error TS6133: 'onDeliveryCreated' is declared but its value is never read.
src/components/DeliveryManagement.tsx(41,97): error TS6133: 'defaultOpen' is declared but its value is never read.
src/components/DeliveryManagement.tsx(44,9): error TS6133: 'timezone' is declared but its value is never read.
src/components/DeliveryNotePDF.tsx(4,52): error TS6133: 'DialogFooter' is declared but its value is never read.
src/components/DeliveryNotePDF.tsx(5,10): error TS6133: 'FileDown' is declared but its value is never read.
src/components/DeliveryNotePDF.tsx(24,1): error TS6133: 'createCompressedPDF' is declared but its value is never read.
src/components/DeliveryNotePDF.tsx(39,9): error TS6133: 'isMobile' is declared but its value is never read.
src/components/DeliveryNotePDF.tsx(62,11): error TS6133: 'shortUnit' is declared but its value is never read.
src/components/DeliveryNotePDF.tsx(105,104): error TS2339: Property 'customerName' does not exist on type 'TransactionDeliveryInfo | NonNullable<NoInfer<TQueryFnData>>'.
  Property 'customerName' does not exist on type 'NonNullable<NoInfer<TQueryFnData>>'.
src/components/DeliveryNotePDF.tsx(108,29): error TS2339: Property 'customerAddress' does not exist on type 'TransactionDeliveryInfo | NonNullable<NoInfer<TQueryFnData>>'.
  Property 'customerAddress' does not exist on type 'NonNullable<NoInfer<TQueryFnData>>'.
src/components/DeliveryNotePDF.tsx(108,153): error TS2339: Property 'customerAddress' does not exist on type 'TransactionDeliveryInfo | NonNullable<NoInfer<TQueryFnData>>'.
  Property 'customerAddress' does not exist on type 'NonNullable<NoInfer<TQueryFnData>>'.
src/components/DeliveryNotePDF.tsx(153,52): error TS2551: Property 'product_id' does not exist on type 'DeliveryItem'. Did you mean 'productId'?
src/components/DeliveryNotePDF.tsx(154,57): error TS2551: Property 'product_name' does not exist on type 'DeliveryItem'. Did you mean 'productName'?
src/components/DeliveryNotePDF.tsx(158,48): error TS2339: Property 'deliverySummary' does not exist on type 'TransactionDeliveryInfo | NonNullable<NoInfer<TQueryFnData>>'.
  Property 'deliverySummary' does not exist on type 'NonNullable<NoInfer<TQueryFnData>>'.
src/components/DeliveryNotePDF.tsx(158,70): error TS7006: Parameter 'ds' implicitly has an 'any' type.
src/components/DeliveryNotePDF.tsx(165,39): error TS2339: Property 'deliveries' does not exist on type 'TransactionDeliveryInfo | NonNullable<NoInfer<TQueryFnData>>'.
  Property 'deliveries' does not exist on type 'NonNullable<NoInfer<TQueryFnData>>'.
src/components/DeliveryNotePDF.tsx(167,17): error TS7006: Parameter 'd' implicitly has an 'any' type.
src/components/DeliveryNotePDF.tsx(171,18): error TS7006: Parameter 'sum' implicitly has an 'any' type.
src/components/DeliveryNotePDF.tsx(171,23): error TS7006: Parameter 'd' implicitly has an 'any' type.
src/components/DeliveryNotePDF.tsx(172,44): error TS7006: Parameter 'di' implicitly has an 'any' type.
src/components/DeliveryNotePDF.tsx(329,76): error TS2339: Property 'customerName' does not exist on type 'TransactionDeliveryInfo | NonNullable<NoInfer<TQueryFnData>>'.
  Property 'customerName' does not exist on type 'NonNullable<NoInfer<TQueryFnData>>'.
src/components/DeliveryNotePDF.tsx(330,73): error TS2339: Property 'customerAddress' does not exist on type 'TransactionDeliveryInfo | NonNullable<NoInfer<TQueryFnData>>'.
  Property 'customerAddress' does not exist on type 'NonNullable<NoInfer<TQueryFnData>>'.
src/components/DeliveryNotePDF.tsx(349,52): error TS2551: Property 'product_id' does not exist on type 'DeliveryItem'. Did you mean 'productId'?
src/components/DeliveryNotePDF.tsx(350,57): error TS2551: Property 'product_name' does not exist on type 'DeliveryItem'. Did you mean 'productName'?
src/components/DeliveryNotePDF.tsx(354,48): error TS2339: Property 'deliverySummary' does not exist on type 'TransactionDeliveryInfo | NonNullable<NoInfer<TQueryFnData>>'.
  Property 'deliverySummary' does not exist on type 'NonNullable<NoInfer<TQueryFnData>>'.
src/components/DeliveryNotePDF.tsx(354,70): error TS7006: Parameter 'ds' implicitly has an 'any' type.
src/components/DeliveryNotePDF.tsx(361,39): error TS2339: Property 'deliveries' does not exist on type 'TransactionDeliveryInfo | NonNullable<NoInfer<TQueryFnData>>'.
  Property 'deliveries' does not exist on type 'NonNullable<NoInfer<TQueryFnData>>'.
src/components/DeliveryNotePDF.tsx(363,17): error TS7006: Parameter 'd' implicitly has an 'any' type.
src/components/DeliveryNotePDF.tsx(367,18): error TS7006: Parameter 'sum' implicitly has an 'any' type.
src/components/DeliveryNotePDF.tsx(367,23): error TS7006: Parameter 'd' implicitly has an 'any' type.
src/components/DeliveryNotePDF.tsx(368,44): error TS7006: Parameter 'di' implicitly has an 'any' type.
src/components/DeliveryNotePDF.tsx(599,79): error TS2339: Property 'customerName' does not exist on type 'TransactionDeliveryInfo | NonNullable<NoInfer<TQueryFnData>>'.
  Property 'customerName' does not exist on type 'NonNullable<NoInfer<TQueryFnData>>'.
src/components/DeliveryNotePDF.tsx(649,66): error TS2551: Property 'product_id' does not exist on type 'DeliveryItem'. Did you mean 'productId'?
src/components/DeliveryNotePDF.tsx(650,71): error TS2551: Property 'product_name' does not exist on type 'DeliveryItem'. Did you mean 'productName'?
src/components/DeliveryNotePDF.tsx(654,61): error TS2339: Property 'deliverySummary' does not exist on type 'TransactionDeliveryInfo | NonNullable<NoInfer<TQueryFnData>>'.
  Property 'deliverySummary' does not exist on type 'NonNullable<NoInfer<TQueryFnData>>'.
src/components/DeliveryNotePDF.tsx(654,83): error TS7006: Parameter 'ds' implicitly has an 'any' type.
src/components/DeliveryNotePDF.tsx(661,52): error TS2339: Property 'deliveries' does not exist on type 'TransactionDeliveryInfo | NonNullable<NoInfer<TQueryFnData>>'.
  Property 'deliveries' does not exist on type 'NonNullable<NoInfer<TQueryFnData>>'.
src/components/DeliveryNotePDF.tsx(663,31): error TS7006: Parameter 'd' implicitly has an 'any' type.
src/components/DeliveryNotePDF.tsx(667,32): error TS7006: Parameter 'sum' implicitly has an 'any' type.
src/components/DeliveryNotePDF.tsx(667,37): error TS7006: Parameter 'd' implicitly has an 'any' type.
src/components/DeliveryNotePDF.tsx(668,58): error TS7006: Parameter 'di' implicitly has an 'any' type.
src/components/DeliveryNotePDF.tsx(741,74): error TS2339: Property 'customerName' does not exist on type 'TransactionDeliveryInfo | NonNullable<NoInfer<TQueryFnData>>'.
  Property 'customerName' does not exist on type 'NonNullable<NoInfer<TQueryFnData>>'.
src/components/DeliveryNotePDF.tsx(772,62): error TS2339: Property 'customerName' does not exist on type 'TransactionDeliveryInfo | NonNullable<NoInfer<TQueryFnData>>'.
  Property 'customerName' does not exist on type 'NonNullable<NoInfer<TQueryFnData>>'.
src/components/DeliveryNotePDF.tsx(802,64): error TS2551: Property 'product_id' does not exist on type 'DeliveryItem'. Did you mean 'productId'?
src/components/DeliveryNotePDF.tsx(803,69): error TS2551: Property 'product_name' does not exist on type 'DeliveryItem'. Did you mean 'productName'?
src/components/DeliveryNotePDF.tsx(807,59): error TS2339: Property 'deliverySummary' does not exist on type 'TransactionDeliveryInfo | NonNullable<NoInfer<TQueryFnData>>'.
  Property 'deliverySummary' does not exist on type 'NonNullable<NoInfer<TQueryFnData>>'.
src/components/DeliveryNotePDF.tsx(807,81): error TS7006: Parameter 'ds' implicitly has an 'any' type.
src/components/DeliveryNotePDF.tsx(814,50): error TS2339: Property 'deliveries' does not exist on type 'TransactionDeliveryInfo | NonNullable<NoInfer<TQueryFnData>>'.
  Property 'deliveries' does not exist on type 'NonNullable<NoInfer<TQueryFnData>>'.
src/components/DeliveryNotePDF.tsx(816,29): error TS7006: Parameter 'd' implicitly has an 'any' type.
src/components/DeliveryNotePDF.tsx(820,30): error TS7006: Parameter 'sum' implicitly has an 'any' type.
src/components/DeliveryNotePDF.tsx(820,35): error TS7006: Parameter 'd' implicitly has an 'any' type.
src/components/DeliveryNotePDF.tsx(821,56): error TS7006: Parameter 'di' implicitly has an 'any' type.
src/components/DeliveryNotePDF.tsx(877,37): error TS2339: Property 'customerName' does not exist on type 'TransactionDeliveryInfo | NonNullable<NoInfer<TQueryFnData>>'.
  Property 'customerName' does not exist on type 'NonNullable<NoInfer<TQueryFnData>>'.
src/components/DriverDeliveryDialog.tsx(19,32): error TS6133: 'MapPin' is declared but its value is never read.
src/components/DriverDeliveryDialog.tsx(19,55): error TS6133: 'Image' is declared but its value is never read.
src/components/DriverDeliveryDialog.tsx(42,3): error TS6133: 'onOpenChange' is declared but its value is never read.
src/components/DriverDeliveryDialog.tsx(68,36): error TS2339: Property 'length' does not exist on type 'never[] | NonNullable<NoInfer<TQueryFnData>>'.
  Property 'length' does not exist on type 'NonNullable<NoInfer<TQueryFnData>>'.
src/components/DriverDeliveryDialog.tsx(98,52): error TS2339: Property 'length' does not exist on type 'never[] | NonNullable<NoInfer<TQueryFnData>>'.
  Property 'length' does not exist on type 'NonNullable<NoInfer<TQueryFnData>>'.
src/components/DriverDeliveryDialog.tsx(260,13): error TS6133: 'selectedHelper' is declared but its value is never read.
src/components/EditCustomerDialog.tsx(21,20): error TS6133: 'CustomerClassification' is declared but its value is never read.
src/components/EditCustomerDialog.tsx(139,8): error TS6133: 'error' is declared but its value is never read.
src/components/EditDeliveryDialog.tsx(159,47): error TS2339: Property 'position' does not exist on type 'DeliveryEmployee'.
src/components/EditDeliveryDialog.tsx(179,47): error TS2339: Property 'position' does not exist on type 'DeliveryEmployee'.
src/components/EditPurchaseOrderDialog.tsx(46,1): error TS6133: 'usePurchaseOrders' is declared but its value is never read.
src/components/EditTransactionDialog.tsx(9,1): error TS6133: 'Textarea' is declared but its value is never read.
src/components/EmployeeAdvancesReport.tsx(2,1): error TS6133: 'React' is declared but its value is never read.
src/components/EmployeeAdvancesReport.tsx(100,27): error TS6133: 'isFirstInGroup' is declared but its value is never read.
src/components/EmployeeDialog.tsx(2,21): error TS6133: 'useState' is declared but its value is never read.
src/components/EmployeeDialog.tsx(13,20): error TS6133: 'UserRole' is declared but its value is never read.
src/components/EmployeeDialog.tsx(17,1): error TS6133: 'supabase' is declared but its value is never read.
src/components/EmployeeDialog.tsx(93,29): error TS2345: Argument of type '{ id: string; email: string; role: string; phone: string; address: string; status: "Aktif" | "Tidak Aktif"; name: string; username: string | null; branchId: string; }' is not assignable to parameter of type 'Partial<Employee> & { id: string; }'.
  Type '{ id: string; email: string; role: string; phone: string; address: string; status: "Aktif" | "Tidak Aktif"; name: string; username: string | null; branchId: string; }' is not assignable to type 'Partial<Employee>'.
    Types of property 'role' are incompatible.
      Type 'string' is not assignable to type 'UserRole | undefined'.
src/components/ErrorBoundary.tsx(1,8): error TS6133: 'React' is declared but its value is never read.
src/components/ExpenseManagement.tsx(21,79): error TS6133: 'ImageIcon' is declared but its value is never read.
src/components/ExpenseManagement.tsx(44,3): error TS6133: 'DialogTrigger' is declared but its value is never read.
src/components/ExpenseManagement.tsx(266,9): error TS6133: 'totalAllAmount' is declared but its value is never read.
src/components/GeneralLedgerTable.tsx(3,1): error TS6192: All imports in import declaration are unused.
src/components/GeneralLedgerTable.tsx(38,18): error TS6133: 'isWithinInterval' is declared but its value is never read.
src/components/GeneralLedgerTable.tsx(38,36): error TS6133: 'startOfDay' is declared but its value is never read.
src/components/GeneralLedgerTable.tsx(38,48): error TS6133: 'endOfDay' is declared but its value is never read.
src/components/GeneralLedgerTable.tsx(434,34): error TS6133: 'index' is declared but its value is never read.
src/components/JournalEntryForm.tsx(1,20): error TS6133: 'useEffect' is declared but its value is never read.
src/components/layout/Header.tsx(6,48): error TS6133: 'Archive' is declared but its value is never read.
src/components/layout/Header.tsx(6,57): error TS6133: 'FlaskConical' is declared but its value is never read.
src/components/layout/Header.tsx(7,15): error TS6133: 'FileText' is declared but its value is never read.
src/components/layout/Header.tsx(7,34): error TS6133: 'LayoutGrid' is declared but its value is never read.
src/components/layout/MobileLayout.tsx(6,31): error TS6133: 'User' is declared but its value is never read.
src/components/layout/MobileLayout.tsx(6,122): error TS6133: 'Check' is declared but its value is never read.
src/components/layout/MobileLayout.tsx(6,129): error TS6133: 'ChevronsUpDown' is declared but its value is never read.
src/components/layout/MobileLayout.tsx(16,1): error TS6192: All imports in import declaration are unused.
src/components/layout/MobileLayout.tsx(32,9): error TS6133: 'hasPermission' is declared but its value is never read.
src/components/layout/MobileLayout.tsx(33,57): error TS6133: 'canViewDR' is declared but its value is never read.
src/components/layout/MobileLayout.tsx(84,59): error TS6133: 'data' is declared but its value is never read.
src/components/layout/MobileLayout.tsx(116,9): error TS6133: 'isHelper' is declared but its value is never read.
src/components/layout/MobileLayout.tsx(142,9): error TS6133: 'helperMenuItems' is declared but its value is never read.
src/components/layout/Sidebar.tsx(21,3): error TS6133: 'HandCoins' is declared but its value is never read.
src/components/layout/Sidebar.tsx(44,3): error TS6133: 'History' is declared but its value is never read.
src/components/MaterialDetail.tsx(11,30): error TS6133: 'TrendingDown' is declared but its value is never read.
src/components/MaterialDetail.tsx(11,55): error TS6133: 'ShoppingCart' is declared but its value is never read.
src/components/MaterialDetail.tsx(11,69): error TS6133: 'FileText' is declared but its value is never read.
src/components/MaterialDetail.tsx(27,11): error TS6133: 'payments' is declared but its value is never read.
src/components/MaterialManagement.tsx(22,51): error TS6133: 'Search' is declared but its value is never read.
src/components/MaterialManagement.tsx(22,62): error TS6133: 'FileText' is declared but its value is never read.
src/components/MaterialManagement.tsx(22,72): error TS6133: 'Printer' is declared but its value is never read.
src/components/MaterialMovementReport.tsx(10,79): error TS6133: 'AlertTriangle' is declared but its value is never read.
src/components/MaterialMovementReport.tsx(17,1): error TS6133: 'MaterialMovement' is declared but its value is never read.
src/components/MaterialMovementReport.tsx(99,13): error TS2367: This comparison appears to be unintentional because the types 'TransactionStatus' and '"Proses Produksi"' have no overlap.
src/components/MaterialMovementReport.tsx(99,57): error TS2367: This comparison appears to be unintentional because the types 'TransactionStatus' and '"Pesanan Selesai"' have no overlap.
src/components/MaterialMovementReport.tsx(146,11): error TS2367: This comparison appears to be unintentional because the types '"PRODUCTION_CONSUMPTION" | "PRODUCTION_ACQUISITION" | "RETURN"' and '"PRODUCTION"' have no overlap.
src/components/MaterialMovementReport.tsx(148,11): error TS2367: This comparison appears to be unintentional because the types '"PRODUCTION_ACQUISITION" | "RETURN"' and '"PRODUCTION_ERROR"' have no overlap.
src/components/MaterialUsageSummaryReport.tsx(121,16): error TS2678: Type '"PRODUCTION_ERROR"' is not comparable to type 'MaterialMovementReason'.
src/components/MaterialUsageSummaryReport.tsx(125,16): error TS2678: Type '"PRODUCTION_DELETE_RESTORE"' is not comparable to type 'MaterialMovementReason'.
src/components/MigrationTransactionDialog.tsx(11,1): error TS6133: 'Badge' is declared but its value is never read.
src/components/MigrationTransactionDialog.tsx(20,10): error TS6133: 'getOfficeTime' is declared but its value is never read.
src/components/MigrationTransactionDialog.tsx(190,57): error TS2345: Argument of type '"migration"' is not assignable to parameter of type '"kasir" | "supir"'.
src/components/MobileCreatePOSheet.tsx(37,11): error TS2339: Property 'createPurchaseOrder' does not exist on type '{ purchaseOrders: PurchaseOrder[] | undefined; isLoading: boolean; addPurchaseOrder: UseMutationResult<PurchaseOrder, Error, any, unknown>; updatePoStatus: UseMutationResult<...>; payPurchaseOrder: UseMutationResult<...>; receivePurchaseOrder: UseMutationResult<...>; deletePurchaseOrder: UseMutationResult<...>; }'.
src/components/MobileCustomerView.tsx(3,20): error TS6133: 'useRef' is declared but its value is never read.
src/components/MobileCustomerView.tsx(4,29): error TS6133: 'CardHeader' is declared but its value is never read.
src/components/MobileCustomerView.tsx(4,41): error TS6133: 'CardTitle' is declared but its value is never read.
src/components/MobileCustomerView.tsx(17,3): error TS6133: 'Upload' is declared but its value is never read.
src/components/MobilePosForm.tsx(8,29): error TS6133: 'CardDescription' is declared but its value is never read.
src/components/MobilePosForm.tsx(10,1): error TS6192: All imports in import declaration are unused.
src/components/MobilePosForm.tsx(11,1): error TS6192: All imports in import declaration are unused.
src/components/MobilePosForm.tsx(12,10): error TS6133: 'PlusCircle' is declared but its value is never read.
src/components/MobilePosForm.tsx(12,22): error TS6133: 'Trash2' is declared but its value is never read.
src/components/MobilePosForm.tsx(12,56): error TS6133: 'FileText' is declared but its value is never read.
src/components/MobilePosForm.tsx(12,73): error TS6133: 'ChevronsUpDown' is declared but its value is never read.
src/components/MobilePosForm.tsx(12,103): error TS6133: 'Calculator' is declared but its value is never read.
src/components/MobilePosForm.tsx(14,1): error TS6133: 'format' is declared but its value is never read.
src/components/MobilePosForm.tsx(17,1): error TS6133: 'Textarea' is declared but its value is never read.
src/components/MobilePosForm.tsx(28,1): error TS6133: 'DateTimePicker' is declared but its value is never read.
src/components/MobilePosForm.tsx(30,1): error TS6133: 'User' is declared but its value is never read.
src/components/MobilePosForm.tsx(36,26): error TS6133: 'PERMISSIONS' is declared but its value is never read.
src/components/MobilePosForm.tsx(62,32): error TS6133: 'isLoadingProducts' is declared but its value is never read.
src/components/MobilePosForm.tsx(68,9): error TS6133: 'hasPermission' is declared but its value is never read.
src/components/MobilePosForm.tsx(74,21): error TS6133: 'setOrderDate' is declared but its value is never read.
src/components/MobilePosForm.tsx(75,22): error TS6133: 'setFinishDate' is declared but its value is never read.
src/components/MobilePosForm.tsx(76,22): error TS6133: 'setDesignerId' is declared but its value is never read.
src/components/MobilePosForm.tsx(77,22): error TS6133: 'setOperatorId' is declared but its value is never read.
src/components/MobilePosForm.tsx(86,10): error TS6133: 'loadingPrices' is declared but its value is never read.
src/components/MobilePosForm.tsx(90,10): error TS6133: 'openProductDropdowns' is declared but its value is never read.
src/components/MobilePosForm.tsx(90,32): error TS6133: 'setOpenProductDropdowns' is declared but its value is never read.
src/components/MobilePosForm.tsx(91,10): error TS6133: 'isPaymentSheetOpen' is declared but its value is never read.
src/components/MobilePosForm.tsx(91,30): error TS6133: 'setIsPaymentSheetOpen' is declared but its value is never read.
src/components/MobilePosForm.tsx(105,9): error TS6133: 'designers' is declared but its value is never read.
src/components/MobilePosForm.tsx(106,9): error TS6133: 'operators' is declared but its value is never read.
src/components/MobilePosForm.tsx(166,9): error TS6133: 'handleAddItem' is declared but its value is never read.
src/components/MobilePosForm.tsx(179,5): error TS2322: Type 'any' is not assignable to type 'never'.
src/components/MobilePosForm.tsx(211,9): error TS6133: 'handleNumberInputChange' is declared but its value is never read.
src/components/MobilePosForm.tsx(224,9): error TS6133: 'handleDiskonChange' is declared but its value is never read.
src/components/MobilePosForm.tsx(236,9): error TS6133: 'handlePaidAmountChange' is declared but its value is never read.
src/components/MobilePosForm.tsx(387,9): error TS6133: 'addNewItemWithBonuses' is declared but its value is never read.
src/components/MobileReceiveGoodsSheet.tsx(8,26): error TS6133: 'Calendar' is declared but its value is never read.
src/components/MobileReceiveGoodsSheet.tsx(8,36): error TS6133: 'Building2' is declared but its value is never read.
src/components/MobileReceiveGoodsSheet.tsx(9,1): error TS6133: 'format' is declared but its value is never read.
src/components/MobileReceiveGoodsSheet.tsx(10,1): error TS6133: 'idLocale' is declared but its value is never read.
src/components/MobileReceiveGoodsSheet.tsx(158,9): error TS6133: 'isFullReceive' is declared but its value is never read.
src/components/MobileReceiveGoodsSheet.tsx(260,23): error TS6133: 'isComplete' is declared but its value is never read.
src/components/MobileWarehouseView.tsx(8,19): error TS6133: 'AlertTriangle' is declared but its value is never read.
src/components/MobileWarehouseView.tsx(8,84): error TS6133: 'CheckCircle2' is declared but its value is never read.
src/components/MobileWarehouseView.tsx(22,52): error TS6133: 'receivePurchaseOrder' is declared but its value is never read.
src/components/NearbyCustomerList.tsx(72,10): error TS6133: 'isLoading' is declared but its value is never read.
src/components/NetworkErrorBoundary.tsx(1,8): error TS6133: 'React' is declared but its value is never read.
src/components/NetworkErrorBoundary.tsx(20,5): error TS2741: Property 'isRetrying' is missing in type '{ hasError: true; error: Error; }' but required in type 'State'.
src/components/PayMaterialBillDialog.tsx(21,1): error TS6133: 'format' is declared but its value is never read.
src/components/PayMaterialBillDialog.tsx(22,1): error TS6133: 'idLocale' is declared but its value is never read.
src/components/PaymentConfirmationDialog.tsx(8,1): error TS6133: 'Label' is declared but its value is never read.
src/components/PaymentConfirmationDialog.tsx(54,9): error TS6133: 'selectedAccount' is declared but its value is never read.
src/components/PaymentHistoryTable.tsx(13,20): error TS6133: 'Download' is declared but its value is never read.
src/components/PaymentHistoryTable.tsx(13,38): error TS6133: 'Trash2' is declared but its value is never read.
src/components/PaymentHistoryTable.tsx(29,17): error TS6133: 'setLimit' is declared but its value is never read.
src/components/PaymentHistoryTable.tsx(182,31): error TS6133: 'index' is declared but its value is never read.
src/components/PayReceivableDialog.tsx(14,1): error TS6133: 'useTransactions' is declared but its value is never read.
src/components/PayReceivableDialog.tsx(22,1): error TS6133: 'getOfficeDateString' is declared but its value is never read.
src/components/PayReceivableDialog.tsx(69,9): error TS6133: 'timezone' is declared but its value is never read.
src/components/PayrollRecordDialog.tsx(3,20): error TS6133: 'useEffect' is declared but its value is never read.
src/components/PayrollRecordDialog.tsx(11,29): error TS6133: 'CardDescription' is declared but its value is never read.
src/components/PayrollRecordDialog.tsx(181,9): error TS6133: 'paymentAccount' is declared but its value is never read.
src/components/PayrollSlipPDF.tsx(76,15): error TS6133: 'innerWidth' is declared but its value is never read.
src/components/PayrollSlipPDF.tsx(149,18): error TS2345: Argument of type 'string | undefined' is not assignable to parameter of type 'string | string[]'.
  Type 'undefined' is not assignable to type 'string | string[]'.
src/components/PayrollSlipPDF.tsx(166,43): error TS18048: 'record.employeeName' is possibly 'undefined'.
src/components/PosForm.tsx(7,1): error TS6133: 'Label' is declared but its value is never read.
src/components/PosForm.tsx(9,74): error TS6133: 'CommandList' is declared but its value is never read.
src/components/PosForm.tsx(11,10): error TS6133: 'PlusCircle' is declared but its value is never read.
src/components/PosForm.tsx(11,38): error TS6133: 'UserPlus' is declared but its value is never read.
src/components/PosForm.tsx(11,56): error TS6133: 'FileText' is declared but its value is never read.
src/components/PosForm.tsx(11,89): error TS6133: 'Percent' is declared but its value is never read.
src/components/PosForm.tsx(13,1): error TS6133: 'format' is declared but its value is never read.
src/components/PosForm.tsx(15,1): error TS6133: 'Switch' is declared but its value is never read.
src/components/PosForm.tsx(16,10): error TS6133: 'calculatePPN' is declared but its value is never read.
src/components/PosForm.tsx(18,1): error TS6192: All imports in import declaration are unused.
src/components/PosForm.tsx(19,1): error TS6133: 'Textarea' is declared but its value is never read.
src/components/PosForm.tsx(35,1): error TS6133: 'User' is declared but its value is never read.
src/components/PosForm.tsx(38,1): error TS6133: 'supabase' is declared but its value is never read.
src/components/PosForm.tsx(40,1): error TS6192: All imports in import declaration are unused.
src/components/PosForm.tsx(42,1): error TS6133: 'Link' is declared but its value is never read.
src/components/PosForm.tsx(63,9): error TS6133: 'location' is declared but its value is never read.
src/components/PosForm.tsx(68,9): error TS6133: 'queryClient' is declared but its value is never read.
src/components/PosForm.tsx(69,32): error TS6133: 'isLoadingProducts' is declared but its value is never read.
src/components/PosForm.tsx(74,9): error TS6133: 'users' is declared but its value is never read.
src/components/PosForm.tsx(105,10): error TS6133: 'showPaymentDetails' is declared but its value is never read.
src/components/PosForm.tsx(105,30): error TS6133: 'setShowPaymentDetails' is declared but its value is never read.
src/components/PosForm.tsx(168,23): error TS2352: Conversion of type '{ id: string; name: string; type: any; basePrice: number; costPrice: number; unit: string; initialStock: number; currentStock: number; minStock: number; minOrder: number; description: string; specifications: never[]; materials: never[]; createdAt: Date; updatedAt: Date; }' to type 'Product' may be a mistake because neither type sufficiently overlaps with the other. If this was intentional, convert the expression to 'unknown' first.
  Property 'isActive' is missing in type '{ id: string; name: string; type: any; basePrice: number; costPrice: number; unit: string; initialStock: number; currentStock: number; minStock: number; minOrder: number; description: string; specifications: never[]; materials: never[]; createdAt: Date; updatedAt: Date; }' but required in type 'Product'.
src/components/PosForm.tsx(244,11): error TS2322: Type 'null' is not assignable to type 'number | undefined'.
src/components/PosForm.tsx(278,11): error TS2322: Type 'number | null' is not assignable to type 'number | undefined'.
  Type 'null' is not assignable to type 'number | undefined'.
src/components/PosForm.tsx(452,9): error TS6133: 'handleAddItem' is declared but its value is never read.
src/components/PosForm.tsx(460,11): error TS6133: 'targetItem' is declared but its value is never read.
src/components/PosForm.tsx(654,39): error TS2352: Conversion of type '{ id: string; name: string; type: any; basePrice: number; costPrice: number; unit: string; initialStock: number; currentStock: number; minStock: number; minOrder: number; description: string | undefined; ... 5 more ...; _materialId: string; }' to type 'Product & { _isMaterial: boolean; _materialId: string; }' may be a mistake because neither type sufficiently overlaps with the other. If this was intentional, convert the expression to 'unknown' first.
  Property 'isActive' is missing in type '{ id: string; name: string; type: any; basePrice: number; costPrice: number; unit: string; initialStock: number; currentStock: number; minStock: number; minOrder: number; description: string | undefined; ... 5 more ...; _materialId: string; }' but required in type 'Product'.
src/components/PrintReceiptDialog.tsx(524,9): error TS6133: 'handleThermalPrint' is declared but its value is never read.
src/components/PrintReceiptDialog.tsx(727,79): error TS6133: 'idx' is declared but its value is never read.
src/components/PrintReceiptDialog.tsx(929,11): error TS6133: 'RIGHT' is declared but its value is never read.
src/components/PrintReceiptDialog.tsx(934,11): error TS6133: 'CUT' is declared but its value is never read.
src/components/ProductAnalyticsDebug.tsx(6,10): error TS6133: 'format' is declared but its value is never read.
src/components/ProductAnalyticsDebug.tsx(7,1): error TS6133: 'id' is declared but its value is never read.
src/components/ProductAnalyticsDebug.tsx(60,9): error TS6133: 'sortedByRevenue' is declared but its value is never read.
src/components/ProductPricingManagement.tsx(34,44): error TS6133: 'refetch' is declared but its value is never read.
src/components/PurchaseOrderTable.tsx(53,54): error TS6133: 'receivePurchaseOrder' is declared but its value is never read.
src/components/ReceivablesReportPDF.tsx(2,1): error TS6133: 'React' is declared but its value is never read.
src/components/ReceivablesReportPDF.tsx(9,20): error TS6133: 'Printer' is declared but its value is never read.
src/components/ReceivablesTable.tsx(3,65): error TS6133: 'Row' is declared but its value is never read.
src/components/ReceivablesTable.tsx(16,98): error TS6133: 'Filter' is declared but its value is never read.
src/components/ReceivablesTable.tsx(16,106): error TS6133: 'Printer' is declared but its value is never read.
src/components/ReceivablesTable.tsx(24,1): error TS6133: 'isOwner' is declared but its value is never read.
src/components/ReceivablesTable.tsx(30,9): error TS6133: 'user' is declared but its value is never read.
src/components/ReceivablesTable.tsx(70,44): error TS2367: This comparison appears to be unintentional because the types '"Lunas" | "Kredit"' and '"Partial"' have no overlap.
src/components/ReceivablesTable.tsx(107,9): error TS6133: 'receivableIds' is declared but its value is never read.
src/components/ReceivablesTable.tsx(113,9): error TS6133: 'isLoadingHistory' is declared but its value is never read.
src/components/ReceivablesTable.tsx(185,52): error TS7015: Element implicitly has an 'any' type because index expression is not of type 'number'.
src/components/ReceivablesTable.tsx(285,13): error TS6133: 'status' is declared but its value is never read.
src/components/ReceivablesTable.tsx(384,44): error TS2367: This comparison appears to be unintentional because the types '"Lunas" | "Kredit"' and '"Partial"' have no overlap.
src/components/ReceiveGoodsTab.tsx(46,51): error TS6133: 'queryError' is declared but its value is never read.
src/components/ReceivePODialog.tsx(15,25): error TS6133: 'PurchaseOrderItem' is declared but its value is never read.
src/components/ReceivePODialog.tsx(50,9): error TS6133: 'receivePurchaseOrder' is declared but its value is never read.
src/components/ResetDatabaseDialog.tsx(23,29): error TS6133: 'CardDescription' is declared but its value is never read.
src/components/ResetDatabaseDialog.tsx(415,33): error TS6133: 'countError' is declared but its value is never read.
src/components/ResetDatabaseDialog.tsx(468,33): error TS6133: 'countError' is declared but its value is never read.
src/components/ResetPasswordDialog.tsx(7,1): error TS6133: 'Input' is declared but its value is never read.
src/components/RolePermissionManagement.tsx(256,32): error TS6133: 'branchesLoading' is declared but its value is never read.
src/components/RolesTab.tsx(131,17): error TS2322: Type '{ rolePermissions: any; onUpdatePermission: (roleId: string, permissions: Record<string, boolean>) => Promise<void>; }' is not assignable to type 'IntrinsicAttributes'.
  Property 'rolePermissions' does not exist on type 'IntrinsicAttributes'.
src/components/SalaryConfigDialog.tsx(12,10): error TS6133: 'Calendar' is declared but its value is never read.
src/components/SalaryConfigDialog.tsx(12,32): error TS6133: 'Percent' is declared but its value is never read.
src/components/SalaryConfigDialog.tsx(33,7): error TS6133: 'commissionTypeOptions' is declared but its value is never read.
src/components/ServerSelector.tsx(25,10): error TS6133: 'isLoading' is declared but its value is never read.
src/components/ServiceMaterialUsageReport.tsx(22,38): error TS6133: 'isMovementsLoading' is declared but its value is never read.
src/components/StockConsumptionReport.tsx(13,44): error TS6133: 'subDays' is declared but its value is never read.
src/components/SupplierManagement.tsx(108,29): error TS2345: Argument of type 'CreateSupplierData | UpdateSupplierData' is not assignable to parameter of type 'CreateSupplierData'.
  Type 'UpdateSupplierData' is not assignable to type 'CreateSupplierData'.
    Types of property 'name' are incompatible.
      Type 'string | undefined' is not assignable to type 'string'.
        Type 'undefined' is not assignable to type 'string'.
src/components/ThemeToggle.tsx(3,1): error TS6133: 'React' is declared but its value is never read.
src/components/ThermalPanjarDialog.tsx(8,10): error TS6133: 'Printer' is declared but its value is never read.
src/components/ThermalPanjarDialog.tsx(127,60): error TS6133: 'index' is declared but its value is never read.
src/components/ThermalReceiptDialog.tsx(8,10): error TS6133: 'Printer' is declared but its value is never read.
src/components/TransactionTable.tsx(6,3): error TS6133: 'getExpandedRowModel' is declared but its value is never read.
src/components/TransactionTable.tsx(607,38): error TS2551: Property 'paymentAccountName' does not exist on type 'Transaction'. Did you mean 'paymentAccountId'?
src/components/TransactionTable.tsx(908,28): error TS2551: Property 'paymentAccountName' does not exist on type 'Transaction'. Did you mean 'paymentAccountId'?
src/components/TransactionTable.tsx(956,11): error TS6133: 'ppnSum' is declared but its value is never read.
src/components/TransactionTable.tsx(957,11): error TS6133: 'subtotalSum' is declared but its value is never read.
src/components/TransactionTable.tsx(989,15): error TS2551: Property 'paymentAccountName' does not exist on type 'Transaction'. Did you mean 'paymentAccountId'?
src/components/ui/calendar.tsx(55,20): error TS6133: '_props' is declared but its value is never read.
src/components/ui/calendar.tsx(56,21): error TS6133: '_props' is declared but its value is never read.
src/components/ui/datetime-picker.tsx(4,40): error TS6133: 'setDate' is declared but its value is never read.
src/components/ui/datetime-picker.tsx(4,49): error TS6133: 'setMonth' is declared but its value is never read.
src/components/ui/datetime-picker.tsx(4,59): error TS6133: 'setYear' is declared but its value is never read.
src/components/ui/input.tsx(62,29): error TS2345: Argument of type 'string | number | readonly string[]' is not assignable to parameter of type 'string | number'.
  Type 'readonly string[]' is not assignable to type 'string | number'.
src/components/UserPermissionTab.tsx(152,9): error TS6133: 'getUserRolePermissions' is declared but its value is never read.
src/components/ZakatDialog.tsx(25,26): error TS6133: 'isLoading' is declared but its value is never read.
src/contexts/AuthContext.tsx(343,81): error TS6133: 'event' is declared but its value is never read.
src/contexts/AuthContext.tsx(361,50): error TS6133: 'event' is declared but its value is never read.
src/contexts/BranchContext.tsx(1,8): error TS6133: 'React' is declared but its value is never read.
src/contexts/BranchContext.tsx(1,65): error TS6133: 'useCallback' is declared but its value is never read.
src/contexts/BranchContext.tsx(23,9): error TS6133: 'queryClient' is declared but its value is never read.
src/contexts/BranchContext.tsx(24,9): error TS6133: 'toast' is declared but its value is never read.
src/contexts/BranchContext.tsx(63,41): error TS6133: 'profileError' is declared but its value is never read.
src/hooks/useAccountBalanceSummary.ts(3,10): error TS2305: Module '"@/contexts/BranchContext"' has no exported member 'useBranchContext'.
src/hooks/useAccountsPayable.ts(2,27): error TS6133: 'PayablePayment' is declared but its value is never read.
src/hooks/useAccountsPayable.ts(6,1): error TS6133: 'generateSequentialId' is declared but its value is never read.
src/hooks/useAccountsPayable.ts(39,7): error TS6133: 'toDb' is declared but its value is never read.
src/hooks/useAccountsPayable.ts(56,9): error TS6133: 'user' is declared but its value is never read.
src/hooks/useAccountsPayable.ts(126,40): error TS6133: 'fetchError' is declared but its value is never read.
src/hooks/useAccountsPayable.ts(153,7): error TS6133: 'liabilityAccountId' is declared but its value is never read.
src/hooks/useAssets.ts(493,24): error TS6133: 'period' is declared but its value is never read.
src/hooks/useCacheManager.ts(16,30): error TS2339: Property 'gcTime' does not exist on type 'QueryState<unknown, Error>'.
src/hooks/useCacheManager.ts(76,33): error TS2339: Property 'batch' does not exist on type 'QueryCache'.
src/hooks/useCacheManager.ts(98,23): error TS2339: Property 'isStale' does not exist on type 'QueryState<unknown, Error>'.
src/hooks/useCacheManager.ts(104,14): error TS2678: Type '"loading"' is not comparable to type 'QueryStatus'.
src/hooks/useCacheManager.ts(180,33): error TS2339: Property 'batch' does not exist on type 'QueryCache'.
src/hooks/useCacheManager.ts(210,33): error TS2339: Property 'batch' does not exist on type 'QueryCache'.
src/hooks/useCommissions.ts(19,15): error TS6133: 'data' is declared but its value is never read.
src/hooks/useCommissions.ts(85,21): error TS6133: 'tableCheck' is declared but its value is never read.
src/hooks/useCommissions.ts(182,38): error TS6133: 'startDate' is declared but its value is never read.
src/hooks/useCommissions.ts(182,56): error TS6133: 'endDate' is declared but its value is never read.
src/hooks/useCommissions.ts(182,72): error TS6133: 'role' is declared but its value is never read.
src/hooks/useCommissions.ts(210,15): error TS6133: 'data' is declared but its value is never read.
src/hooks/useCustomers.ts(8,26): error TS6133: 'canAccessAllBranches' is declared but its value is never read.
src/hooks/useDeliveries.ts(3,35): error TS6133: 'DeliveryItem' is declared but its value is never read.
src/hooks/useDeliveries.ts(657,5): error TS2769: No overload matches this call.
  Overload 1 of 3, '(options: DefinedInitialDataOptions<TransactionDeliveryInfo | null, Error, TransactionDeliveryInfo | null, readonly unknown[]>, queryClient?: QueryClient | undefined): DefinedUseQueryResult<...>', gave the following error.
    Type '() => Promise<{ id: any; orderNumber: any; customerName: any; customerAddress: string; customerPhone: string; totalAmount: any; total: any; orderDate: Date; status: any; deliveries: Delivery[]; deliverySummary: ({ ...; } | null)[]; } | null>' is not assignable to type 'QueryFunction<TransactionDeliveryInfo | null, readonly unknown[]>'.
      Type 'Promise<{ id: any; orderNumber: any; customerName: any; customerAddress: string; customerPhone: string; totalAmount: any; total: any; orderDate: Date; status: any; deliveries: Delivery[]; deliverySummary: ({ ...; } | null)[]; } | null>' is not assignable to type 'TransactionDeliveryInfo | Promise<TransactionDeliveryInfo | null> | null'.
        Type 'Promise<{ id: any; orderNumber: any; customerName: any; customerAddress: string; customerPhone: string; totalAmount: any; total: any; orderDate: Date; status: any; deliveries: Delivery[]; deliverySummary: ({ ...; } | null)[]; } | null>' is not assignable to type 'Promise<TransactionDeliveryInfo | null>'.
          Type '{ id: any; orderNumber: any; customerName: any; customerAddress: string; customerPhone: string; totalAmount: any; total: any; orderDate: Date; status: any; deliveries: Delivery[]; deliverySummary: ({ ...; } | null)[]; } | null' is not assignable to type 'TransactionDeliveryInfo | null'.
            Type '{ id: any; orderNumber: any; customerName: any; customerAddress: string; customerPhone: string; totalAmount: any; total: any; orderDate: Date; status: any; deliveries: Delivery[]; deliverySummary: ({ ...; } | null)[]; }' is not assignable to type 'TransactionDeliveryInfo'.
              Types of property 'deliverySummary' are incompatible.
                Type '({ productId: any; productName: any; orderedQuantity: any; deliveredQuantity: number; remainingQuantity: number; unit: any; isBonus: any; width: any; height: any; } | null)[]' is not assignable to type 'DeliverySummaryItem[]'.
                  Type '{ productId: any; productName: any; orderedQuantity: any; deliveredQuantity: number; remainingQuantity: number; unit: any; isBonus: any; width: any; height: any; } | null' is not assignable to type 'DeliverySummaryItem'.
                    Type 'null' is not assignable to type 'DeliverySummaryItem'.
  Overload 2 of 3, '(options: UndefinedInitialDataOptions<TransactionDeliveryInfo | null, Error, TransactionDeliveryInfo | null, readonly unknown[]>, queryClient?: QueryClient | undefined): UseQueryResult<...>', gave the following error.
    Type '() => Promise<{ id: any; orderNumber: any; customerName: any; customerAddress: string; customerPhone: string; totalAmount: any; total: any; orderDate: Date; status: any; deliveries: Delivery[]; deliverySummary: ({ ...; } | null)[]; } | null>' is not assignable to type 'unique symbol | QueryFunction<TransactionDeliveryInfo | null, readonly unknown[], never> | undefined'.
      Type '() => Promise<{ id: any; orderNumber: any; customerName: any; customerAddress: string; customerPhone: string; totalAmount: any; total: any; orderDate: Date; status: any; deliveries: Delivery[]; deliverySummary: ({ ...; } | null)[]; } | null>' is not assignable to type 'QueryFunction<TransactionDeliveryInfo | null, readonly unknown[], never>'.
        Type 'Promise<{ id: any; orderNumber: any; customerName: any; customerAddress: string; customerPhone: string; totalAmount: any; total: any; orderDate: Date; status: any; deliveries: Delivery[]; deliverySummary: ({ ...; } | null)[]; } | null>' is not assignable to type 'TransactionDeliveryInfo | Promise<TransactionDeliveryInfo | null> | null'.
          Type 'Promise<{ id: any; orderNumber: any; customerName: any; customerAddress: string; customerPhone: string; totalAmount: any; total: any; orderDate: Date; status: any; deliveries: Delivery[]; deliverySummary: ({ ...; } | null)[]; } | null>' is not assignable to type 'Promise<TransactionDeliveryInfo | null>'.
            Type '{ id: any; orderNumber: any; customerName: any; customerAddress: string; customerPhone: string; totalAmount: any; total: any; orderDate: Date; status: any; deliveries: Delivery[]; deliverySummary: ({ ...; } | null)[]; } | null' is not assignable to type 'TransactionDeliveryInfo | null'.
              Type '{ id: any; orderNumber: any; customerName: any; customerAddress: string; customerPhone: string; totalAmount: any; total: any; orderDate: Date; status: any; deliveries: Delivery[]; deliverySummary: ({ ...; } | null)[]; }' is not assignable to type 'TransactionDeliveryInfo'.
                Types of property 'deliverySummary' are incompatible.
                  Type '({ productId: any; productName: any; orderedQuantity: any; deliveredQuantity: number; remainingQuantity: number; unit: any; isBonus: any; width: any; height: any; } | null)[]' is not assignable to type 'DeliverySummaryItem[]'.
                    Type '{ productId: any; productName: any; orderedQuantity: any; deliveredQuantity: number; remainingQuantity: number; unit: any; isBonus: any; width: any; height: any; } | null' is not assignable to type 'DeliverySummaryItem'.
                      Type 'null' is not assignable to type 'DeliverySummaryItem'.
  Overload 3 of 3, '(options: UseQueryOptions<TransactionDeliveryInfo | null, Error, TransactionDeliveryInfo | null, readonly unknown[]>, queryClient?: QueryClient | undefined): UseQueryResult<...>', gave the following error.
    Type '() => Promise<{ id: any; orderNumber: any; customerName: any; customerAddress: string; customerPhone: string; totalAmount: any; total: any; orderDate: Date; status: any; deliveries: Delivery[]; deliverySummary: ({ ...; } | null)[]; } | null>' is not assignable to type 'unique symbol | QueryFunction<TransactionDeliveryInfo | null, readonly unknown[], never> | undefined'.
      Type '() => Promise<{ id: any; orderNumber: any; customerName: any; customerAddress: string; customerPhone: string; totalAmount: any; total: any; orderDate: Date; status: any; deliveries: Delivery[]; deliverySummary: ({ ...; } | null)[]; } | null>' is not assignable to type 'QueryFunction<TransactionDeliveryInfo | null, readonly unknown[], never>'.
        Type 'Promise<{ id: any; orderNumber: any; customerName: any; customerAddress: string; customerPhone: string; totalAmount: any; total: any; orderDate: Date; status: any; deliveries: Delivery[]; deliverySummary: ({ ...; } | null)[]; } | null>' is not assignable to type 'TransactionDeliveryInfo | Promise<TransactionDeliveryInfo | null> | null'.
          Type 'Promise<{ id: any; orderNumber: any; customerName: any; customerAddress: string; customerPhone: string; totalAmount: any; total: any; orderDate: Date; status: any; deliveries: Delivery[]; deliverySummary: ({ ...; } | null)[]; } | null>' is not assignable to type 'Promise<TransactionDeliveryInfo | null>'.
            Type '{ id: any; orderNumber: any; customerName: any; customerAddress: string; customerPhone: string; totalAmount: any; total: any; orderDate: Date; status: any; deliveries: Delivery[]; deliverySummary: ({ ...; } | null)[]; } | null' is not assignable to type 'TransactionDeliveryInfo | null'.
              Type '{ id: any; orderNumber: any; customerName: any; customerAddress: string; customerPhone: string; totalAmount: any; total: any; orderDate: Date; status: any; deliveries: Delivery[]; deliverySummary: ({ ...; } | null)[]; }' is not assignable to type 'TransactionDeliveryInfo'.
                Types of property 'deliverySummary' are incompatible.
                  Type '({ productId: any; productName: any; orderedQuantity: any; deliveredQuantity: number; remainingQuantity: number; unit: any; isBonus: any; width: any; height: any; } | null)[]' is not assignable to type 'DeliverySummaryItem[]'.
                    Type '{ productId: any; productName: any; orderedQuantity: any; deliveredQuantity: number; remainingQuantity: number; unit: any; isBonus: any; width: any; height: any; } | null' is not assignable to type 'DeliverySummaryItem'.
                      Type 'null' is not assignable to type 'DeliverySummaryItem'.
src/hooks/useDeliveries.ts(810,45): error TS2551: Property 'product_id' does not exist on type 'DeliveryItem'. Did you mean 'productId'?
src/hooks/useDeliveries.ts(838,17): error TS18047: 'i' is possibly 'null'.
src/hooks/useDeliveries.ts(839,20): error TS18047: 'i' is possibly 'null'.
src/hooks/useDeliveries.ts(840,22): error TS18047: 'i' is possibly 'null'.
src/hooks/useDeliveries.ts(841,22): error TS18047: 'i' is possibly 'null'.
src/hooks/useDrivers.ts(19,5): error TS2769: No overload matches this call.
  Overload 1 of 3, '(options: DefinedInitialDataOptions<Driver[], Error, Driver[], readonly unknown[]>, queryClient?: QueryClient | undefined): DefinedUseQueryResult<...>', gave the following error.
    Type '() => Promise<{ id: any; name: any; phone: any; license_number: null; is_active: true; }[]>' is not assignable to type 'QueryFunction<Driver[], readonly unknown[]>'.
      Type 'Promise<{ id: any; name: any; phone: any; license_number: null; is_active: true; }[]>' is not assignable to type 'Driver[] | Promise<Driver[]>'.
        Type 'Promise<{ id: any; name: any; phone: any; license_number: null; is_active: true; }[]>' is not assignable to type 'Promise<Driver[]>'.
          Type '{ id: any; name: any; phone: any; license_number: null; is_active: true; }[]' is not assignable to type 'Driver[]'.
            Type '{ id: any; name: any; phone: any; license_number: null; is_active: true; }' is not assignable to type 'Driver'.
              Types of property 'license_number' are incompatible.
                Type 'null' is not assignable to type 'string | undefined'.
  Overload 2 of 3, '(options: UndefinedInitialDataOptions<Driver[], Error, Driver[], readonly unknown[]>, queryClient?: QueryClient | undefined): UseQueryResult<...>', gave the following error.
    Type '() => Promise<{ id: any; name: any; phone: any; license_number: null; is_active: true; }[]>' is not assignable to type 'unique symbol | QueryFunction<Driver[], readonly unknown[], never> | undefined'.
      Type '() => Promise<{ id: any; name: any; phone: any; license_number: null; is_active: true; }[]>' is not assignable to type 'QueryFunction<Driver[], readonly unknown[], never>'.
        Type 'Promise<{ id: any; name: any; phone: any; license_number: null; is_active: true; }[]>' is not assignable to type 'Driver[] | Promise<Driver[]>'.
          Type 'Promise<{ id: any; name: any; phone: any; license_number: null; is_active: true; }[]>' is not assignable to type 'Promise<Driver[]>'.
            Type '{ id: any; name: any; phone: any; license_number: null; is_active: true; }[]' is not assignable to type 'Driver[]'.
              Type '{ id: any; name: any; phone: any; license_number: null; is_active: true; }' is not assignable to type 'Driver'.
                Types of property 'license_number' are incompatible.
                  Type 'null' is not assignable to type 'string | undefined'.
  Overload 3 of 3, '(options: UseQueryOptions<Driver[], Error, Driver[], readonly unknown[]>, queryClient?: QueryClient | undefined): UseQueryResult<Driver[], Error>', gave the following error.
    Type '() => Promise<{ id: any; name: any; phone: any; license_number: null; is_active: true; }[]>' is not assignable to type 'unique symbol | QueryFunction<Driver[], readonly unknown[], never> | undefined'.
      Type '() => Promise<{ id: any; name: any; phone: any; license_number: null; is_active: true; }[]>' is not assignable to type 'QueryFunction<Driver[], readonly unknown[], never>'.
        Type 'Promise<{ id: any; name: any; phone: any; license_number: null; is_active: true; }[]>' is not assignable to type 'Driver[] | Promise<Driver[]>'.
          Type 'Promise<{ id: any; name: any; phone: any; license_number: null; is_active: true; }[]>' is not assignable to type 'Promise<Driver[]>'.
            Type '{ id: any; name: any; phone: any; license_number: null; is_active: true; }[]' is not assignable to type 'Driver[]'.
              Type '{ id: any; name: any; phone: any; license_number: null; is_active: true; }' is not assignable to type 'Driver'.
                Types of property 'license_number' are incompatible.
                  Type 'null' is not assignable to type 'string | undefined'.
src/hooks/useEmployeeAdvances.ts(38,7): error TS6133: 'getPiutangKaryawanAccount' is declared but its value is never read.
src/hooks/useEmployeeAdvances.ts(87,7): error TS6133: 'fromAppToDb' is declared but its value is never read.
src/hooks/useEmployees.ts(262,17): error TS6133: 'data' is declared but its value is never read.
src/hooks/useExpenses.ts(47,9): error TS6133: 'user' is declared but its value is never read.
src/hooks/useGranularPermission.ts(116,9): error TS2367: This comparison appears to be unintentional because the types '"cashier" | "designer" | "operator" | "admin" | "supervisor" | "me" | "ceo" | "driver" | "helper" | "sales" | "super_admin" | "head_office_admin" | "branch_admin"' and '"authenticated"' have no overlap.
src/hooks/useJournalEntries.ts(8,3): error TS6133: 'JournalEntryLine' is declared but its value is never read.
src/hooks/useJournalEntries.ts(35,18): error TS2551: Property 'void_reason' does not exist on type 'DbJournalEntry'. Did you mean 'voided_reason'?
src/hooks/useMaterialPayments.ts(1,20): error TS6133: 'useMutation' is declared but its value is never read.
src/hooks/useMaterialPayments.ts(38,9): error TS6133: 'queryClient' is declared but its value is never read.
src/hooks/useMaterials.ts(39,26): error TS6133: 'canAccessAllBranches' is declared but its value is never read.
src/hooks/useOptimizedCommissions.ts(49,21): error TS6133: 'testData' is declared but its value is never read.
src/hooks/useOptimizedQuery.ts(18,9): error TS6133: 'queryClient' is declared but its value is never read.
src/hooks/useOptimizedQuery.ts(55,14): error TS2551: Property 'catch' does not exist on type 'PostgrestFilterBuilder<any, any, any, "log_performance", null>'. Did you mean 'match'?
src/hooks/useOptimizedQuery.ts(55,20): error TS7006: Parameter 'logError' implicitly has an 'any' type.
src/hooks/useOptimizedQuery.ts(65,5): error TS2769: No overload matches this call.
  Overload 1 of 3, '(options: DefinedInitialDataOptions<T, Error, T, readonly unknown[]>, queryClient?: QueryClient | undefined): DefinedUseQueryResult<NoInfer<T>, Error>', gave the following error.
    Object literal may only specify known properties, and 'cacheTime' does not exist in type 'DefinedInitialDataOptions<T, Error, T, readonly unknown[]>'.
  Overload 2 of 3, '(options: UndefinedInitialDataOptions<T, Error, T, readonly unknown[]>, queryClient?: QueryClient | undefined): UseQueryResult<NoInfer<T>, Error>', gave the following error.
    Object literal may only specify known properties, and 'cacheTime' does not exist in type 'UndefinedInitialDataOptions<T, Error, T, readonly unknown[]>'.
  Overload 3 of 3, '(options: UseQueryOptions<T, Error, T, readonly unknown[]>, queryClient?: QueryClient | undefined): UseQueryResult<NoInfer<T>, Error>', gave the following error.
    Object literal may only specify known properties, and 'cacheTime' does not exist in type 'UseQueryOptions<T, Error, T, readonly unknown[]>'.
src/hooks/useOptimizedQuery.ts(65,24): error TS2339: Property 'cacheTime' does not exist on type 'OptimizedQueryOptions<T> & { queryFn: () => Promise<T>; }'.
src/hooks/useOptimizedQuery.ts(81,51): error TS2322: Type 'string | null' is not assignable to type 'string'.
  Type 'null' is not assignable to type 'string'.
src/hooks/useOptimizedQuery.ts(81,65): error TS2322: Type 'number' is not assignable to type 'string'.
src/hooks/useOptimizedQuery.ts(81,72): error TS2322: Type 'number' is not assignable to type 'string'.
src/hooks/useOptimizedQuery.ts(162,47): error TS2322: Type 'string | null' is not assignable to type 'string'.
  Type 'null' is not assignable to type 'string'.
src/hooks/useOptimizedQuery.ts(162,63): error TS2322: Type 'number' is not assignable to type 'string'.
src/hooks/useOptimizedQuery.ts(263,48): error TS2322: Type 'number' is not assignable to type 'string'.
src/hooks/useOptimizedQuery.ts(311,5): error TS2353: Object literal may only specify known properties, and 'cacheTime' does not exist in type 'OptimizedQueryOptions<any> & { queryFn: () => Promise<any>; }'.
src/hooks/usePayroll.ts(54,3): error TS2353: Object literal may only specify known properties, and 'cashHistoryId' does not exist in type 'PayrollRecord'.
src/hooks/usePayroll.ts(132,9): error TS6133: 'user' is declared but its value is never read.
src/hooks/usePricing.ts(5,3): error TS6133: 'ProductPricing' is declared but its value is never read.
src/hooks/usePricing.ts(6,3): error TS6133: 'PriceCalculationResult' is declared but its value is never read.
src/hooks/usePricing.ts(11,3): error TS6133: 'CustomerPricing' is declared but its value is never read.
src/hooks/usePricing.ts(70,24): error TS6133: 'productId' is declared but its value is never read.
src/hooks/usePricing.ts(82,24): error TS6133: 'productId' is declared but its value is never read.
src/hooks/usePricing.ts(94,24): error TS6133: 'productId' is declared but its value is never read.
src/hooks/usePricing.ts(106,24): error TS6133: 'productId' is declared but its value is never read.
src/hooks/usePricing.ts(156,24): error TS6133: 'productId' is declared but its value is never read.
src/hooks/usePricing.ts(171,24): error TS6133: 'productId' is declared but its value is never read.
src/hooks/useProducts.ts(7,1): error TS6133: 'restoreStockFIFO' is declared but its value is never read.
src/hooks/useProducts.ts(83,26): error TS6133: 'canAccessAllBranches' is declared but its value is never read.
src/hooks/useProducts.ts(247,37): error TS6133: 'newStock' is declared but its value is never read.
src/hooks/useRetasi.ts(3,83): error TS6133: 'CreateRetasiItemData' is declared but its value is never read.
src/hooks/useRetasi.ts(61,7): error TS6133: 'toDb' is declared but its value is never read.
src/hooks/useSecurityMonitoring.ts(4,40): error TS6133: 'apiRateLimit' is declared but its value is never read.
src/hooks/useSecurityMonitoring.ts(4,54): error TS6133: 'getUserRateLimitKey' is declared but its value is never read.
src/hooks/useStableSelector.ts(47,23): error TS2345: Argument of type 'DependencyList' is not assignable to parameter of type 'any[]'.
  The type 'DependencyList' is 'readonly' and cannot be assigned to the mutable type 'any[]'.
src/hooks/useSuppliers.ts(5,3): error TS6133: 'SupplierMaterial' is declared but its value is never read.
src/hooks/useTransactionPayments.ts(37,20): error TS2352: Conversion of type '{ id: any; payment_date: any; amount: any; payment_method: any; notes: any; created_at: any; created_by: any; }[]' to type 'PaymentRecord[]' may be a mistake because neither type sufficiently overlaps with the other. If this was intentional, convert the expression to 'unknown' first.
  Property 'created_by_name' is missing in type '{ id: any; payment_date: any; amount: any; payment_method: any; notes: any; created_at: any; created_by: any; }' but required in type 'PaymentRecord'.
src/hooks/useTransactions.ts(4,1): error TS6133: 'useExpenses' is declared but its value is never read.
src/hooks/useTransactions.ts(8,1): error TS6192: All imports in import declaration are unused.
src/hooks/useTransactions.ts(19,7): error TS6133: 'fromDbToAppAccount' is declared but its value is never read.
src/hooks/useTransactions.ts(100,5): error TS2322: Type 'null' is not assignable to type 'string | undefined'.
src/hooks/useTransactions.ts(191,40): error TS2339: Property 'paymentMethod' does not exist on type 'Omit<Transaction, "createdAt">'.
src/hooks/useTransactions.ts(391,7): error TS6133: 'accountName' is declared but its value is never read.
src/integrations/supabase/client.ts(81,7): error TS6133: 'LOCAL_ANON_JWT' is declared but its value is never read.
src/pages/AccountDetailPage.tsx(12,1): error TS6192: All imports in import declaration are unused.
src/pages/AccountDetailPage.tsx(23,9): error TS7022: 'userIsOwner' implicitly has type 'any' because it does not have a type annotation and is referenced directly or indirectly in its own initializer.
src/pages/AccountDetailPage.tsx(23,23): error TS2448: Block-scoped variable 'userIsOwner' used before its declaration.
src/pages/AccountDetailPage.tsx(24,9): error TS7022: 'userIsAdminOrOwner' implicitly has type 'any' because it does not have a type annotation and is referenced directly or indirectly in its own initializer.
src/pages/AccountDetailPage.tsx(24,30): error TS2448: Block-scoped variable 'userIsAdminOrOwner' used before its declaration.
src/pages/AccountsPayablePage.tsx(11,93): error TS6133: 'DialogTrigger' is declared but its value is never read.
src/pages/AccountsPayablePage.tsx(25,1): error TS6133: 'supabase' is declared but its value is never read.
src/pages/AccountsPayablePage.tsx(26,10): error TS6133: 'formatNumberWithCommas' is declared but its value is never read.
src/pages/AccountsPayablePage.tsx(401,29): error TS2322: Type 'boolean | 0 | undefined' is not assignable to type 'boolean | undefined'.
  Type '0' is not assignable to type 'boolean | undefined'.
src/pages/AssetsPage.tsx(14,3): error TS6133: 'Calendar' is declared but its value is never read.
src/pages/AssetsPage.tsx(25,55): error TS6133: 'useCalculateAssetValue' is declared but its value is never read.
src/pages/AssetsPage.tsx(204,40): error TS2339: Property 'totalCurrentValue' does not exist on type 'AssetSummary'.
src/pages/AssetsPage.tsx(216,59): error TS2339: Property 'maintenanceCount' does not exist on type 'AssetSummary'.
src/pages/BranchManagementPage.tsx(92,9): error TS2322: Type '{ managerId: string | null; address: string | null; phone: string | null; email: string | null; managerName: string | null; companyId: string; name: string; code: string; isActive: boolean; }' is not assignable to type 'Partial<Branch>'.
  Types of property 'address' are incompatible.
    Type 'string | null' is not assignable to type 'string | undefined'.
      Type 'null' is not assignable to type 'string | undefined'.
src/pages/ChartOfAccountsPage.tsx(3,8): error TS6133: 'React' is declared but its value is never read.
src/pages/ChartOfAccountsPage.tsx(524,9): error TS6133: 'handleOpenSyncDialog' is declared but its value is never read.
src/pages/ChartOfAccountsPage.tsx(689,9): error TS6133: 'handleOpenAllOpeningDialog' is declared but its value is never read.
src/pages/ChartOfAccountsPage.tsx(794,9): error TS6133: 'handleOpenSyncAllDialog' is declared but its value is never read.
src/pages/ChartOfAccountsPage.tsx(928,39): error TS2304: Cannot find name 'createInventoryOpeningBalanceJournal'.
src/pages/ChartOfAccountsPage.tsx(947,37): error TS2304: Cannot find name 'createAllOpeningBalanceJournal'.
src/pages/ChartOfAccountsPage.tsx(1034,70): error TS2339: Property '0' does not exist on type 'Account[] | undefined'.
src/pages/ChartOfAccountsPage.tsx(1133,19): error TS2345: Argument of type '{ code: string; name: string; type: any; isHeader: false; isPaymentAccount: false; initialBalance: number; }' is not assignable to parameter of type 'SetStateAction<{ code: string; name: string; type: "Aset" | "Kewajiban" | "Modal" | "Pendapatan" | "Beban"; isHeader: boolean; isPaymentAccount: boolean; initialBalance: number; employeeId: string; parentId: string; }>'.
  Type '{ code: string; name: string; type: any; isHeader: false; isPaymentAccount: false; initialBalance: number; }' is missing the following properties from type '{ code: string; name: string; type: "Aset" | "Kewajiban" | "Modal" | "Pendapatan" | "Beban"; isHeader: boolean; isPaymentAccount: boolean; initialBalance: number; employeeId: string; parentId: string; }': employeeId, parentId
src/pages/ChartOfAccountsPage.tsx(1323,11): error TS2322: Type 'string | null' is not assignable to type 'string | undefined'.
  Type 'null' is not assignable to type 'string | undefined'.
src/pages/CommissionReportPage.tsx(7,1): error TS6192: All imports in import declaration are unused.
src/pages/CommissionReportPage.tsx(75,5): error TS6133: 'isFetching' is declared but its value is never read.
src/pages/CommissionReportPage.tsx(185,17): error TS6133: 'error' is declared but its value is never read.
src/pages/CommissionReportPage.tsx(194,61): error TS2345: Argument of type 'Date | undefined' is not assignable to parameter of type 'string | number | Date'.
  Type 'undefined' is not assignable to type 'string | number | Date'.
src/pages/CommissionReportPage.tsx(194,111): error TS2345: Argument of type 'Date | undefined' is not assignable to parameter of type 'string | number | Date'.
  Type 'undefined' is not assignable to type 'string | number | Date'.
src/pages/CommissionReportPage.tsx(200,60): error TS2345: Argument of type 'Date | undefined' is not assignable to parameter of type 'Date'.
  Type 'undefined' is not assignable to type 'Date'.
src/pages/CommissionReportPage.tsx(232,43): error TS2345: Argument of type 'Date | undefined' is not assignable to parameter of type 'string | number | Date'.
  Type 'undefined' is not assignable to type 'string | number | Date'.
src/pages/CommissionReportPage.tsx(232,93): error TS2345: Argument of type 'Date | undefined' is not assignable to parameter of type 'string | number | Date'.
  Type 'undefined' is not assignable to type 'string | number | Date'.
src/pages/CommissionReportPage.tsx(317,54): error TS2345: Argument of type 'Date | undefined' is not assignable to parameter of type 'string | number | Date'.
  Type 'undefined' is not assignable to type 'string | number | Date'.
src/pages/CommissionReportPage.tsx(317,85): error TS2345: Argument of type 'Date | undefined' is not assignable to parameter of type 'string | number | Date'.
  Type 'undefined' is not assignable to type 'string | number | Date'.
src/pages/CommissionReportPage.tsx(330,22): error TS2339: Property 'productSku' does not exist on type 'CommissionEntry'.
src/pages/CommissionReportPage.tsx(362,53): error TS2345: Argument of type 'Date | undefined' is not assignable to parameter of type 'string | number | Date'.
  Type 'undefined' is not assignable to type 'string | number | Date'.
src/pages/CommissionReportPage.tsx(362,103): error TS2345: Argument of type 'Date | undefined' is not assignable to parameter of type 'string | number | Date'.
  Type 'undefined' is not assignable to type 'string | number | Date'.
src/pages/CommissionReportPage.tsx(387,18): error TS6133: 'userId' is declared but its value is never read.
src/pages/CommissionReportPage.tsx(402,46): error TS2345: Argument of type 'Date | undefined' is not assignable to parameter of type 'string | number | Date'.
  Type 'undefined' is not assignable to type 'string | number | Date'.
src/pages/CommissionReportPage.tsx(402,77): error TS2345: Argument of type 'Date | undefined' is not assignable to parameter of type 'string | number | Date'.
  Type 'undefined' is not assignable to type 'string | number | Date'.
src/pages/CommissionReportPage.tsx(761,34): error TS2339: Property 'productSku' does not exist on type 'CommissionEntry'.
src/pages/CommissionReportPage.tsx(763,38): error TS2339: Property 'productSku' does not exist on type 'CommissionEntry'.
src/pages/CustomerMapPage.tsx(111,33): error TS6133: 'customer' is declared but its value is never read.
src/pages/CustomerPage.tsx(3,29): error TS6133: 'CardDescription' is declared but its value is never read.
src/pages/DashboardPage.tsx(1,1): error TS6133: 'React' is declared but its value is never read.
src/pages/DeliveryPage.tsx(6,29): error TS6133: 'CardDescription' is declared but its value is never read.
src/pages/DeliveryPage.tsx(20,78): error TS6133: 'Plus' is declared but its value is never read.
src/pages/DeliveryPage.tsx(20,124): error TS6133: 'Calendar' is declared but its value is never read.
src/pages/DeliveryPage.tsx(20,151): error TS6133: 'Pencil' is declared but its value is never read.
src/pages/DeliveryPage.tsx(54,11): error TS6133: 'canCreateDelivery' is declared but its value is never read.
src/pages/DeliveryPage.tsx(140,9): error TS6133: 'canEdit' is declared but its value is never read.
src/pages/DeliveryPage.tsx(164,7): error TS18048: 'delivery.customerName' is possibly 'undefined'.
src/pages/DeliveryPage.tsx(422,19): error TS2345: Argument of type 'undefined' is not assignable to parameter of type 'string'.
src/pages/DeliveryPage.tsx(427,19): error TS2345: Argument of type 'undefined' is not assignable to parameter of type 'string'.
src/pages/DeliveryPage.tsx(450,19): error TS2345: Argument of type 'undefined' is not assignable to parameter of type 'string'.
src/pages/DeliveryPage.tsx(505,23): error TS2345: Argument of type 'undefined' is not assignable to parameter of type 'string'.
src/pages/DeliveryPage.tsx(546,19): error TS2345: Argument of type 'undefined' is not assignable to parameter of type 'string'.
src/pages/DeliveryPage.tsx(551,19): error TS2345: Argument of type 'undefined' is not assignable to parameter of type 'string'.
src/pages/DeliveryPage.tsx(609,9): error TS2322: Type '(string | undefined)[][]' is not assignable to type 'RowInput[]'.
  Type '(string | undefined)[]' is not assignable to type 'RowInput'.
    Type '(string | undefined)[]' is not assignable to type 'CellInput[]'.
      Type 'string | undefined' is not assignable to type 'CellInput'.
        Type 'undefined' is not assignable to type 'CellInput'.
src/pages/DeliveryPage.tsx(1246,52): error TS2322: Type 'string | undefined' is not assignable to type 'string'.
  Type 'undefined' is not assignable to type 'string'.
src/pages/DeliveryPage.tsx(1261,52): error TS2322: Type 'string | undefined' is not assignable to type 'string'.
  Type 'undefined' is not assignable to type 'string'.
src/pages/DriverPosPage.tsx(5,29): error TS6133: 'CardDescription' is declared but its value is never read.
src/pages/DriverPosPage.tsx(16,1): error TS6133: 'useBranch' is declared but its value is never read.
src/pages/DriverPosPage.tsx(138,47): error TS2367: This comparison appears to be unintentional because the types '"cashier" | "designer" | "operator" | "admin" | "supervisor" | "owner" | "me" | "ceo" | "helper" | "sales" | "super_admin" | "head_office_admin" | "branch_admin" | undefined' and '"supir"' have no overlap.
src/pages/DriverPosPage.tsx(139,47): error TS2367: This comparison appears to be unintentional because the types '"cashier" | "designer" | "operator" | "admin" | "supervisor" | "owner" | "me" | "ceo" | "driver" | "sales" | "super_admin" | "head_office_admin" | "branch_admin" | undefined' and '"pembantu"' have no overlap.
src/pages/DriverPosPage.tsx(530,14): error TS18048: 'selectedCustomerData.jumlah_galon_titip' is possibly 'undefined'.
src/pages/EmployeePage.tsx(21,3): error TS6133: 'AlertTriangle' is declared but its value is never read.
src/pages/EmployeePage.tsx(24,3): error TS6133: 'Printer' is declared but its value is never read.
src/pages/EmployeePage.tsx(76,37): error TS6133: 'isLoadingSalaries' is declared but its value is never read.
src/pages/EmployeePage.tsx(686,55): error TS18048: 'record.outstandingAdvances' is possibly 'undefined'.
src/pages/EmployeePage.tsx(688,34): error TS18048: 'record.outstandingAdvances' is possibly 'undefined'.
src/pages/EmployeePage.tsx(688,119): error TS2345: Argument of type 'number | undefined' is not assignable to parameter of type 'number'.
  Type 'undefined' is not assignable to type 'number'.
src/pages/FinancialReportsPage.tsx(3,8): error TS6133: 'React' is declared but its value is never read.
src/pages/FinancialReportsPage.tsx(12,3): error TS6133: 'DollarSign' is declared but its value is never read.
src/pages/FinancialReportsPage.tsx(14,3): error TS6133: 'FileText' is declared but its value is never read.
src/pages/FinancialReportsPage.tsx(22,3): error TS6133: 'CreditCard' is declared but its value is never read.
src/pages/FinancialReportsPage.tsx(91,45): error TS6133: 'canAccessAllBranches' is declared but its value is never read.
src/pages/FinancialReportsPage.tsx(236,73): error TS2554: Expected 2 arguments, but got 3.
src/pages/LoginPage.tsx(144,17): error TS2783: 'name' is specified more than once, so this usage will be overwritten.
src/pages/LoginPage.tsx(155,17): error TS2783: 'name' is specified more than once, so this usage will be overwritten.
src/pages/MaintenancePage.tsx(12,3): error TS6133: 'Wrench' is declared but its value is never read.
src/pages/MaintenancePage.tsx(19,3): error TS6133: 'User' is declared but its value is never read.
src/pages/MaintenancePage.tsx(20,3): error TS6133: 'FileText' is declared but its value is never read.
src/pages/MobileCommissionPage.tsx(10,26): error TS6133: 'Package' is declared but its value is never read.
src/pages/MobileCommissionPage.tsx(10,54): error TS6133: 'Truck' is declared but its value is never read.
src/pages/MobileCommissionPage.tsx(10,61): error TS6133: 'Store' is declared but its value is never read.
src/pages/MobileCommissionPage.tsx(10,68): error TS6133: 'Users' is declared but its value is never read.
src/pages/MobileCommissionPage.tsx(10,75): error TS6133: 'TrendingUp' is declared but its value is never read.
src/pages/MobileCommissionPage.tsx(19,9): error TS6133: 'users' is declared but its value is never read.
src/pages/MobileDeliveryReportPage.tsx(31,7): error TS6133: 'getStatusBadge' is declared but its value is never read.
src/pages/MobileDeliveryReportPage.tsx(57,11): error TS6133: 'reported' is declared but its value is never read.
src/pages/MobileExpensePage.tsx(16,65): error TS6133: 'Trash2' is declared but its value is never read.
src/pages/MobileExpensePage.tsx(18,1): error TS6133: 'id' is declared but its value is never read.
src/pages/MobileExpensePage.tsx(37,34): error TS6133: 'isLoadingAccounts' is declared but its value is never read.
src/pages/MobileExpensePage.tsx(46,12): error TS6133: 'isUploading' is declared but its value is never read.
src/pages/MobileExpensePage.tsx(72,11): error TS6133: 'watchAmount' is declared but its value is never read.
src/pages/MobileMaintenancePage.tsx(18,61): error TS6133: 'AlertTriangle' is declared but its value is never read.
src/pages/MobileMaintenancePage.tsx(42,13): error TS2339: Property 'assets' does not exist on type 'UseQueryResult<Asset[], Error>'.
src/pages/MobileMaintenancePage.tsx(42,32): error TS6133: 'isLoadingAssets' is declared but its value is never read.
src/pages/MobileMaintenancePage.tsx(49,11): error TS6133: 'user' is declared but its value is never read.
src/pages/MobileMaintenancePage.tsx(71,11): error TS6133: 'watchCost' is declared but its value is never read.
src/pages/MobileMaintenancePage.tsx(141,48): error TS7006: Parameter 'a' implicitly has an 'any' type.
src/pages/MobileMaintenancePage.tsx(190,54): error TS7006: Parameter 'asset' implicitly has an 'any' type.
src/pages/MobileRetasiPage.tsx(14,3): error TS6133: 'CheckCircle' is declared but its value is never read.
src/pages/MobileRetasiPage.tsx(17,3): error TS6133: 'ShoppingCart' is declared but its value is never read.
src/pages/MobileRetasiPage.tsx(321,9): error TS2322: Type 'never[] | NonNullable<NoInfer<TQueryFnData>>' is not assignable to type 'any[]'.
  Type '{}' is missing the following properties from type 'any[]': length, pop, push, concat, and 35 more.
src/pages/MobileSalesReportPage.tsx(1,28): error TS6133: 'useEffect' is declared but its value is never read.
src/pages/MobileSalesReportPage.tsx(16,30): error TS6133: 'MapPin' is declared but its value is never read.
src/pages/MobileSalesReportPage.tsx(16,72): error TS6133: 'History' is declared but its value is never read.
src/pages/MobileSalesReportPage.tsx(24,1): error TS6133: 'Badge' is declared but its value is never read.
src/pages/MobileSalesReportPage.tsx(58,47): error TS6133: 'watch' is declared but its value is never read.
src/pages/MobileSalesReportPage.tsx(117,27): error TS2345: Argument of type 'null' is not assignable to parameter of type 'File'.
src/pages/MobileSalesReportPage.tsx(181,47): error TS2367: This comparison appears to be unintentional because the types '"Lunas" | "Kredit"' and '"Partial"' have no overlap.
src/pages/MobileSoldItemsPage.tsx(8,87): error TS6133: 'ChevronDown' is declared but its value is never read.
src/pages/MobileSoldItemsPage.tsx(8,100): error TS6133: 'ChevronUp' is declared but its value is never read.
src/pages/PayrollPage.tsx(57,37): error TS6133: 'isLoadingSalaries' is declared but its value is never read.
src/pages/PayrollPage.tsx(215,9): error TS2322: Type '(string | number | undefined)[]' is not assignable to type 'RowInput'.
  Type '(string | number | undefined)[]' is not assignable to type 'CellInput[]'.
    Type 'string | number | undefined' is not assignable to type 'CellInput'.
      Type 'undefined' is not assignable to type 'CellInput'.
src/pages/PayrollPage.tsx(228,11): error TS2322: Type 'string | number | undefined' is not assignable to type 'CellInput'.
  Type 'undefined' is not assignable to type 'CellInput'.
src/pages/PayrollPage.tsx(229,11): error TS2322: Type 'string | number | undefined' is not assignable to type 'CellInput'.
  Type 'undefined' is not assignable to type 'CellInput'.
src/pages/PayrollPage.tsx(230,11): error TS2322: Type 'string | number | undefined' is not assignable to type 'CellInput'.
  Type 'undefined' is not assignable to type 'CellInput'.
src/pages/PayrollPage.tsx(231,11): error TS2322: Type 'string | number | undefined' is not assignable to type 'CellInput'.
  Type 'undefined' is not assignable to type 'CellInput'.
src/pages/PayrollPage.tsx(232,11): error TS2322: Type 'string | number | undefined' is not assignable to type 'CellInput'.
  Type 'undefined' is not assignable to type 'CellInput'.
src/pages/PayrollPage.tsx(233,11): error TS2322: Type 'string | number | undefined' is not assignable to type 'CellInput'.
  Type 'undefined' is not assignable to type 'CellInput'.
src/pages/PayrollPage.tsx(234,11): error TS2322: Type 'string | number | undefined' is not assignable to type 'CellInput'.
  Type 'undefined' is not assignable to type 'CellInput'.
src/pages/PayrollPage.tsx(235,11): error TS2322: Type 'string | number | undefined' is not assignable to type 'CellInput'.
  Type 'undefined' is not assignable to type 'CellInput'.
src/pages/PayrollPage.tsx(236,11): error TS2322: Type 'string | number | undefined' is not assignable to type 'CellInput'.
  Type 'undefined' is not assignable to type 'CellInput'.
src/pages/ProductDetailPage.tsx(119,53): error TS2339: Property 'category' does not exist on type 'Product'.
src/pages/ProductionPage.tsx(18,18): error TS6133: 'Package' is declared but its value is never read.
src/pages/ProductionPage.tsx(20,24): error TS6133: 'formatMoney' is declared but its value is never read.
src/pages/ProductionPage.tsx(28,33): error TS6133: 'isLoadingMaterials' is declared but its value is never read.
src/pages/PurchaseOrderPage.tsx(2,1): error TS6133: 'useState' is declared but its value is never read.
src/pages/RetasiPage.tsx(24,3): error TS6133: 'Truck' is declared but its value is never read.
src/pages/RetasiPage.tsx(26,3): error TS6133: 'Calendar' is declared but its value is never read.
src/pages/RetasiPage.tsx(31,3): error TS6133: 'Clock' is declared but its value is never read.
src/pages/RetasiPage.tsx(32,3): error TS6133: 'MapPin' is declared but its value is never read.
src/pages/RetasiPage.tsx(37,3): error TS6133: 'FileText' is declared but its value is never read.
src/pages/RetasiPage.tsx(62,9): error TS6133: 'timezone' is declared but its value is never read.
src/pages/RetasiPage.tsx(118,23): error TS6133: 'stats' is declared but its value is never read.
src/pages/RetasiPage.tsx(336,15): error TS2322: Type 'never[] | NonNullable<NoInfer<TQueryFnData>>' is not assignable to type '{ id: string; name: string; }[]'.
  Type '{}' is missing the following properties from type '{ id: string; name: string; }[]': length, pop, push, concat, and 35 more.
src/pages/RetasiPage.tsx(380,35): error TS2339: Property 'find' does not exist on type 'never[] | NonNullable<NoInfer<TQueryFnData>>'.
  Property 'find' does not exist on type 'NonNullable<NoInfer<TQueryFnData>>'.
src/pages/RetasiPage.tsx(380,41): error TS7006: Parameter 'driver' implicitly has an 'any' type.
src/pages/RetasiPage.tsx(405,36): error TS2339: Property 'map' does not exist on type 'never[] | NonNullable<NoInfer<TQueryFnData>>'.
  Property 'map' does not exist on type 'NonNullable<NoInfer<TQueryFnData>>'.
src/pages/RetasiPage.tsx(405,41): error TS7006: Parameter 'driver' implicitly has an 'any' type.
src/pages/RetasiPage.tsx(409,42): error TS6133: 'currentValue' is declared but its value is never read.
src/pages/RetasiPage.tsx(442,35): error TS2339: Property 'find' does not exist on type 'never[] | NonNullable<NoInfer<TQueryFnData>>'.
  Property 'find' does not exist on type 'NonNullable<NoInfer<TQueryFnData>>'.
src/pages/RetasiPage.tsx(442,41): error TS7006: Parameter 'driver' implicitly has an 'any' type.
src/pages/RetasiPage.tsx(467,36): error TS2339: Property 'map' does not exist on type 'never[] | NonNullable<NoInfer<TQueryFnData>>'.
  Property 'map' does not exist on type 'NonNullable<NoInfer<TQueryFnData>>'.
src/pages/RetasiPage.tsx(467,41): error TS7006: Parameter 'driver' implicitly has an 'any' type.
src/pages/RetasiPage.tsx(809,11): error TS2322: Type 'never[] | NonNullable<NoInfer<TQueryFnData>>' is not assignable to type '{ id: string; name: string; }[]'.
  Type '{}' is missing the following properties from type '{ id: string; name: string; }[]': length, pop, push, concat, and 35 more.
src/pages/RetasiPage.tsx(993,9): error TS2322: Type 'string' is not assignable to type 'Date'.
src/pages/RetasiPage.tsx(1262,10): error TS6133: 'RetasiDetailDialog' is declared but its value is never read.
src/pages/RetasiPage.tsx(1433,40): error TS6133: 'idx' is declared but its value is never read.
src/pages/SalesReportPage.tsx(5,41): error TS6133: 'CardTitle' is declared but its value is never read.
src/pages/SalesReportPage.tsx(24,66): error TS6133: 'Filter' is declared but its value is never read.
src/pages/SalesReportPage.tsx(27,1): error TS6133: 'Badge' is declared but its value is never read.
src/pages/SalesReportPage.tsx(52,18): error TS6133: 'setPage' is declared but its value is never read.
src/pages/TransactionDetailPage.tsx(4,29): error TS6133: 'CardDescription' is declared but its value is never read.
src/pages/TransactionDetailPage.tsx(27,42): error TS6133: 'isLoadingDelivery' is declared but its value is never read.
src/pages/TransactionDetailPage.tsx(27,68): error TS6133: 'deliveryError' is declared but its value is never read.
src/pages/TransactionDetailPage.tsx(29,9): error TS6133: 'toast' is declared but its value is never read.
src/pages/TransactionDetailPage.tsx(1256,17): error TS2740: Type '{}' is missing the following properties from type 'TransactionDeliveryInfo': id, orderNumber, customerName, totalAmount, and 5 more.
src/pages/WebManagementPage.tsx(44,3): error TS6133: 'Settings' is declared but its value is never read.
src/pages/WebManagementPage.tsx(193,9): error TS6133: 'currentBranch' is declared but its value is never read.
src/pages/WebManagementPage.tsx(194,9): error TS6133: 'toast' is declared but its value is never read.
src/pages/WebManagementPage.tsx(290,15): error TS6133: 'data' is declared but its value is never read.
src/pages/WebManagementPage.tsx(767,10): error TS6133: 'selectedFile' is declared but its value is never read.
src/pages/ZakatPage.tsx(12,3): error TS6133: 'DollarSign' is declared but its value is never read.
src/services/bluetoothPrintService.ts(6,21): error TS6133: 'BleDevice' is declared but its value is never read.
src/services/bluetoothPrintService.ts(6,32): error TS6133: 'numberToUUID' is declared but its value is never read.
src/services/bluetoothPrintService.ts(10,7): error TS6133: 'PRINTER_SERVICE_UUID' is declared but its value is never read.
src/services/bluetoothPrintService.ts(11,7): error TS6133: 'PRINTER_CHARACTERISTIC_UUID' is declared but its value is never read.
src/services/bluetoothPrintService.ts(21,7): error TS6133: 'ALT_CHARACTERISTIC_UUIDS' is declared but its value is never read.
src/services/bluetoothPrintService.ts(141,19): error TS6133: 'isPrinterLikely' is declared but its value is never read.
src/services/closingEntryService.ts(46,16): error TS6133: 'getOrCreateIkhtisarLabaRugi' is declared but its value is never read.
src/services/closingEntryService.ts(89,16): error TS6133: 'getLabaDitahanAccount' is declared but its value is never read.
src/services/materialMovementService.ts(4,10): error TS6133: 'MaterialMovement' is declared but its value is never read.
src/services/materialMovementService.ts(106,24): error TS6133: '_updateMaterialStocks_DEPRECATED' is declared but its value is never read.
src/services/quotationService.ts(357,11): error TS2322: Type 'string | undefined' is not assignable to type 'string'.
  Type 'undefined' is not assignable to type 'string'.
src/services/stockService.ts(36,3): error TS6133: 'reason' is declared but its value is never read.
src/services/stockService.ts(37,3): error TS6133: 'notes' is declared but its value is never read.
src/services/stockService.ts(38,3): error TS6133: 'userId' is declared but its value is never read.
src/services/stockService.ts(39,3): error TS6133: 'userName' is declared but its value is never read.
src/services/stockService.ts(376,16): error TS2352: Conversion of type '{ id: any; name: any; category: any; type: any; basePrice: number; unit: any; initialStock: number; currentStock: any; minStock: number; minOrder: number; description: any; specifications: never[]; materials: never[]; createdAt: Date; updatedAt: Date; }' to type 'Product' may be a mistake because neither type sufficiently overlaps with the other. If this was intentional, convert the expression to 'unknown' first.
  Property 'isActive' is missing in type '{ id: any; name: any; category: any; type: any; basePrice: number; unit: any; initialStock: number; currentStock: any; minStock: number; minOrder: number; description: any; specifications: never[]; materials: never[]; createdAt: Date; updatedAt: Date; }' but required in type 'Product'.
src/types/production.ts(1,1): error TS6133: 'Product' is declared but its value is never read.
src/types/production.ts(2,1): error TS6133: 'Material' is declared but its value is never read.
src/utils/chartOfAccountsUtils.ts(6,36): error TS2305: Module '"@/types/account"' has no exported member 'CoATemplate'.
src/utils/chartOfAccountsUtils.ts(277,18): error TS2820: Type '"ASET"' is not assignable to type 'AccountCategory'. Did you mean '"asset"'?
src/utils/chartOfAccountsUtils.ts(278,23): error TS2322: Type '"KEWAJIBAN"' is not assignable to type 'AccountCategory'.
src/utils/chartOfAccountsUtils.ts(279,19): error TS2322: Type '"MODAL"' is not assignable to type 'AccountCategory'.
src/utils/chartOfAccountsUtils.ts(280,24): error TS2322: Type '"PENDAPATAN"' is not assignable to type 'AccountCategory'.
src/utils/chartOfAccountsUtils.ts(281,19): error TS2322: Type '"BEBAN_OPERASIONAL"' is not assignable to type 'AccountCategory'.
src/utils/chartOfAccountsUtils.ts(282,14): error TS2820: Type '"ASET"' is not assignable to type 'AccountCategory'. Did you mean '"asset"'?
src/utils/chartOfAccountsUtils.ts(291,10): error TS2678: Type '"ASET"' is not comparable to type 'AccountCategory'.
src/utils/chartOfAccountsUtils.ts(292,10): error TS2678: Type '"HPP"' is not comparable to type 'AccountCategory'.
src/utils/chartOfAccountsUtils.ts(293,10): error TS2678: Type '"BEBAN_OPERASIONAL"' is not comparable to type 'AccountCategory'.
src/utils/chartOfAccountsUtils.ts(294,10): error TS2678: Type '"BEBAN_NON_OPERASIONAL"' is not comparable to type 'AccountCategory'.
src/utils/chartOfAccountsUtils.ts(295,7): error TS2820: Type '"DEBIT"' is not assignable to type 'NormalBalance'. Did you mean '"debit"'?
src/utils/chartOfAccountsUtils.ts(296,10): error TS2678: Type '"KEWAJIBAN"' is not comparable to type 'AccountCategory'.
src/utils/chartOfAccountsUtils.ts(297,10): error TS2678: Type '"MODAL"' is not comparable to type 'AccountCategory'.
src/utils/chartOfAccountsUtils.ts(298,10): error TS2678: Type '"PENDAPATAN"' is not comparable to type 'AccountCategory'.
src/utils/chartOfAccountsUtils.ts(299,10): error TS2678: Type '"PENDAPATAN_NON_OPERASIONAL"' is not comparable to type 'AccountCategory'.
src/utils/chartOfAccountsUtils.ts(300,7): error TS2820: Type '"CREDIT"' is not assignable to type 'NormalBalance'. Did you mean '"credit"'?
src/utils/chartOfAccountsUtils.ts(302,7): error TS2820: Type '"DEBIT"' is not assignable to type 'NormalBalance'. Did you mean '"debit"'?
src/utils/chartOfAccountsUtils.ts(310,25): error TS2367: This comparison appears to be unintentional because the types 'NormalBalance | undefined' and '"DEBIT"' have no overlap.
src/utils/customerVisitUtils.ts(19,11): error TS6196: 'DbCustomerVisit' is declared but never used.
src/utils/financialIntegration.ts(122,19): error TS6133: 'deletedExpenses' is declared but its value is never read.
src/utils/financialStatementsUtils.ts(112,9): error TS6133: 'asOfDateStr' is declared but its value is never read.
src/utils/financialStatementsUtils.ts(581,9): error TS6133: 'totalAccountsPayable' is declared but its value is never read.
src/utils/financialStatementsUtils.ts(591,9): error TS6133: 'totalPayrollLiabilities' is declared but its value is never read.
src/utils/financialStatementsUtils.ts(760,37): error TS2304: Cannot find name 'AccountWithBalance'.
src/utils/financialStatementsUtils.ts(1258,9): error TS2322: Type '{ accountId: string; accountCode: string; accountName: string; amount: number; formattedAmount: string; source: "manual_journal"; }[]' is not assignable to type 'IncomeStatementItem[]'.
  Type '{ accountId: string; accountCode: string; accountName: string; amount: number; formattedAmount: string; source: "manual_journal"; }' is not assignable to type 'IncomeStatementItem'.
    Types of property 'source' are incompatible.
      Type '"manual_journal"' is not assignable to type '"transactions" | "expenses" | "journal" | "calculated"'.
src/utils/financialStatementsUtils.ts(1286,9): error TS2322: Type '{ accountId: string; accountCode: string; accountName: string; amount: number; formattedAmount: string; source: "manual_journal"; }[]' is not assignable to type 'IncomeStatementItem[]'.
  Type '{ accountId: string; accountCode: string; accountName: string; amount: number; formattedAmount: string; source: "manual_journal"; }' is not assignable to type 'IncomeStatementItem'.
    Types of property 'source' are incompatible.
      Type '"manual_journal"' is not assignable to type '"transactions" | "expenses" | "journal" | "calculated"'.
src/utils/financialStatementsUtils.ts(1322,9): error TS2322: Type '{ accountId: string; accountCode: string; accountName: string; amount: number; formattedAmount: string; source: "manual_journal"; }[]' is not assignable to type 'IncomeStatementItem[]'.
  Type '{ accountId: string; accountCode: string; accountName: string; amount: number; formattedAmount: string; source: "manual_journal"; }' is not assignable to type 'IncomeStatementItem'.
    Types of property 'source' are incompatible.
      Type '"manual_journal"' is not assignable to type '"transactions" | "expenses" | "journal" | "calculated"'.
src/utils/financialStatementsUtils.ts(1355,9): error TS2322: Type '{ accountId: string; accountCode: string; accountName: string; amount: number; formattedAmount: string; source: "manual_journal"; }[]' is not assignable to type 'IncomeStatementItem[]'.
  Type '{ accountId: string; accountCode: string; accountName: string; amount: number; formattedAmount: string; source: "manual_journal"; }' is not assignable to type 'IncomeStatementItem'.
    Types of property 'source' are incompatible.
      Type '"manual_journal"' is not assignable to type '"transactions" | "expenses" | "journal" | "calculated"'.
src/utils/financialStatementsUtils.ts(1369,9): error TS2322: Type '{ accountId: string; accountCode: string; accountName: string; amount: number; formattedAmount: string; source: "manual_journal"; }[]' is not assignable to type 'IncomeStatementItem[]'.
  Type '{ accountId: string; accountCode: string; accountName: string; amount: number; formattedAmount: string; source: "manual_journal"; }' is not assignable to type 'IncomeStatementItem'.
    Types of property 'source' are incompatible.
      Type '"manual_journal"' is not assignable to type '"transactions" | "expenses" | "journal" | "calculated"'.
src/utils/pdfUtils.ts(16,9): error TS2339: Property 'compress' does not exist on type 'jsPDF'.
src/utils/rateLimiter.ts(100,5): error TS6133: 'target' is declared but its value is never read.
src/utils/rateLimiter.ts(101,5): error TS6133: 'propertyKey' is declared but its value is never read.
src/utils/renderOptimization.ts(70,29): error TS2352: Conversion of type 'MemoExoticComponent<T>' to type 'T' may be a mistake because neither type sufficiently overlaps with the other. If this was intentional, convert the expression to 'unknown' first.
  'MemoExoticComponent<T>' is assignable to the constraint of type 'T', but 'T' could be instantiated with a different subtype of constraint 'ComponentType<any>'.
